2024-08-17 14:39:35,883 [main] WARN  [c.a.cloud.nacos.client.NacosPropertySourceBuilder] NacosPropertySourceBuilder.java:87 - Ignore the empty nacos configuration and get it based on dataId[api-gatewayserver] & group[DEFAULT_GROUP]
2024-08-17 14:39:38,893 [main] WARN  [c.a.cloud.nacos.client.NacosPropertySourceBuilder] NacosPropertySourceBuilder.java:87 - Ignore the empty nacos configuration and get it based on dataId[api-gatewayserver.yml] & group[DEFAULT_GROUP]
2024-08-17 14:39:38,897 [main] INFO  [o.s.c.b.c.PropertySourceBootstrapConfiguration] PropertySourceBootstrapConfiguration.java:112 - Located property source: [BootstrapPropertySource {name='bootstrapProperties-api-gatewayserver.yml,DEFAULT_GROUP'}, BootstrapPropertySource {name='bootstrapProperties-api-gatewayserver,DEFAULT_GROUP'}]
2024-08-17 14:39:38,940 [main] INFO  [ecay.project.ApiGateWayApplication] SpringApplication.java:651 - No active profile set, falling back to default profiles: default
2024-08-17 14:39:39,773 [main] INFO  [o.s.d.r.config.RepositoryConfigurationDelegate] RepositoryConfigurationDelegate.java:249 - Multiple Spring Data modules found, entering strict repository configuration mode!
2024-08-17 14:39:39,776 [main] INFO  [o.s.d.r.config.RepositoryConfigurationDelegate] RepositoryConfigurationDelegate.java:127 - Bootstrapping Spring Data Redis repositories in DEFAULT mode.
2024-08-17 14:39:39,816 [main] INFO  [o.s.d.r.config.RepositoryConfigurationDelegate] RepositoryConfigurationDelegate.java:187 - Finished Spring Data repository scanning in 16ms. Found 0 Redis repository interfaces.
2024-08-17 14:39:40,033 [main] INFO  [o.springframework.cloud.context.scope.GenericScope] GenericScope.java:295 - BeanFactory id=76a8afb8-7a2f-344c-abc9-1fce7f1e5cd5
2024-08-17 14:39:40,108 [main] INFO  [o.s.c.s.PostProcessorRegistrationDelegate$BeanPostProcessorChecker] PostProcessorRegistrationDelegate.java:335 - Bean 'org.springframework.cloud.client.loadbalancer.reactive.LoadBalancerBeanPostProcessorAutoConfiguration' of type [org.springframework.cloud.client.loadbalancer.reactive.LoadBalancerBeanPostProcessorAutoConfiguration] is not eligible for getting processed by all BeanPostProcessors (for example: not eligible for auto-proxying)
2024-08-17 14:39:40,109 [main] INFO  [o.s.c.s.PostProcessorRegistrationDelegate$BeanPostProcessorChecker] PostProcessorRegistrationDelegate.java:335 - Bean 'org.springframework.cloud.client.loadbalancer.reactive.LoadBalancerBeanPostProcessorAutoConfiguration$ReactiveLoadBalancerConfig' of type [org.springframework.cloud.client.loadbalancer.reactive.LoadBalancerBeanPostProcessorAutoConfiguration$ReactiveLoadBalancerConfig] is not eligible for getting processed by all BeanPostProcessors (for example: not eligible for auto-proxying)
2024-08-17 14:39:40,114 [main] INFO  [o.s.c.s.PostProcessorRegistrationDelegate$BeanPostProcessorChecker] PostProcessorRegistrationDelegate.java:335 - Bean 'deferringLoadBalancerExchangeFilterFunction' of type [org.springframework.cloud.client.loadbalancer.reactive.DeferringLoadBalancerExchangeFilterFunction] is not eligible for getting processed by all BeanPostProcessors (for example: not eligible for auto-proxying)
2024-08-17 14:39:40,419 [main] INFO  [o.s.boot.web.embedded.tomcat.TomcatWebServer] TomcatWebServer.java:108 - Tomcat initialized with port(s): 8080 (http)
2024-08-17 14:39:40,428 [main] INFO  [org.apache.coyote.http11.Http11NioProtocol] DirectJDKLog.java:173 - Initializing ProtocolHandler ["http-nio-8080"]
2024-08-17 14:39:40,428 [main] INFO  [org.apache.catalina.core.StandardService] DirectJDKLog.java:173 - Starting service [Tomcat]
2024-08-17 14:39:40,428 [main] INFO  [org.apache.catalina.core.StandardEngine] DirectJDKLog.java:173 - Starting Servlet engine: [Apache Tomcat/9.0.37]
2024-08-17 14:39:40,565 [main] INFO  [o.a.c.core.ContainerBase.[Tomcat].[localhost].[/]] DirectJDKLog.java:173 - Initializing Spring embedded WebApplicationContext
2024-08-17 14:39:40,566 [main] INFO  [o.s.b.w.s.c.ServletWebServerApplicationContext] ServletWebServerApplicationContext.java:285 - Root WebApplicationContext: initialization completed in 1574 ms
2024-08-17 14:39:40,625 [main] WARN  [com.netflix.config.sources.URLConfigurationSource] URLConfigurationSource.java:121 - No URLs will be polled as dynamic configuration sources.
2024-08-17 14:39:40,626 [main] INFO  [com.netflix.config.sources.URLConfigurationSource] URLConfigurationSource.java:122 - To enable URLs as dynamic configuration sources, define System property archaius.configurationSource.additionalUrls or make config.properties available on classpath.
2024-08-17 14:39:40,630 [main] WARN  [com.netflix.config.sources.URLConfigurationSource] URLConfigurationSource.java:121 - No URLs will be polled as dynamic configuration sources.
2024-08-17 14:39:40,630 [main] INFO  [com.netflix.config.sources.URLConfigurationSource] URLConfigurationSource.java:122 - To enable URLs as dynamic configuration sources, define System property archaius.configurationSource.additionalUrls or make config.properties available on classpath.
2024-08-17 14:39:40,762 [main] WARN  [o.s.c.g.c.GatewayClassPathWarningAutoConfiguration] GatewayClassPathWarningAutoConfiguration.java:41 - 

**********************************************************

Spring MVC found on classpath, which is incompatible with Spring Cloud Gateway at this time. Please remove spring-boot-starter-web dependency.

**********************************************************


2024-08-17 14:39:42,978 [main] WARN  [o.s.b.w.s.c.AnnotationConfigServletWebServerApplicationContext] AbstractApplicationContext.java:559 - Exception encountered during context initialization - cancelling refresh attempt: org.springframework.beans.factory.UnsatisfiedDependencyException: Error creating bean with name 'routeDefinitionRouteLocator' defined in class path resource [org/springframework/cloud/gateway/config/GatewayAutoConfiguration.class]: Unsatisfied dependency expressed through method 'routeDefinitionRouteLocator' parameter 1; nested exception is org.springframework.beans.factory.UnsatisfiedDependencyException: Error creating bean with name 'modifyRequestBodyGatewayFilterFactory' defined in class path resource [org/springframework/cloud/gateway/config/GatewayAutoConfiguration.class]: Unsatisfied dependency expressed through method 'modifyRequestBodyGatewayFilterFactory' parameter 0; nested exception is org.springframework.beans.factory.NoSuchBeanDefinitionException: No qualifying bean of type 'org.springframework.http.codec.ServerCodecConfigurer' available: expected at least 1 bean which qualifies as autowire candidate. Dependency annotations: {}
2024-08-17 14:39:43,010 [main] INFO  [org.apache.catalina.core.StandardService] DirectJDKLog.java:173 - Stopping service [Tomcat]
2024-08-17 14:39:43,032 [main] INFO  [o.s.b.a.l.ConditionEvaluationReportLoggingListener] ConditionEvaluationReportLoggingListener.java:136 - 

Error starting ApplicationContext. To display the conditions report re-run your application with 'debug' enabled.
2024-08-17 14:39:43,167 [main] ERROR [o.s.b.diagnostics.LoggingFailureAnalysisReporter] LoggingFailureAnalysisReporter.java:40 - 

***************************
APPLICATION FAILED TO START
***************************

Description:

Parameter 0 of method modifyRequestBodyGatewayFilterFactory in org.springframework.cloud.gateway.config.GatewayAutoConfiguration required a bean of type 'org.springframework.http.codec.ServerCodecConfigurer' that could not be found.


Action:

Consider defining a bean of type 'org.springframework.http.codec.ServerCodecConfigurer' in your configuration.

